This is XeTeX, Version 3.141592653-2.6-0.999998 (TeX Live 2026) (preloaded format=xelatex 2026.8.10)  10 AUG 2026 23:51
entering extended mode
 restricted \write18 enabled.
 %&-line parsing enabled.
**Final_Report.tex
(./Final_Report.tex
LaTeX2e <2026-06-01>
L3 programming layer <2026-07-20>
(/home/akalanka/.TinyTeX/texmf-dist/tex/latex/base/article.cls
Document Class: article 2025/01/22 v1.4n Standard LaTeX document class
(/home/akalanka/.TinyTeX/texmf-dist/tex/latex/base/size12.clo
File: size12.clo 2025/01/22 v1.4n Standard LaTeX file (size option)
)
\c@part=\count273
\c@section=\count274
\c@subsection=\count275
\c@subsubsection=\count276
\c@paragraph=\count277
\c@subparagraph=\count278
\c@figure=\count279
\c@table=\count280
\abovecaptionskip=\skip49
\belowcaptionskip=\skip50
\bibindent=\dimen150
) (/home/akalanka/.TinyTeX/texmf-dist/tex/latex/xcolor/xcolor.sty
Package: xcolor 2024/09/29 v3.02 LaTeX color extensions (UK)
(/home/akalanka/.TinyTeX/texmf-dist/tex/latex/graphics-cfg/color.cfg
File: color.cfg 2016/01/02 v1.6 sample color configuration
)
Package xcolor Info: Driver file: xetex.def on input line 274.
(/home/akalanka/.TinyTeX/texmf-dist/tex/latex/graphics-def/xetex.def
File: xetex.def 2025/11/01 v5.0p Graphics/color driver for xetex
) (/home/akalanka/.TinyTeX/texmf-dist/tex/latex/graphics/mathcolor.ltx)
Package xcolor Info: Model `cmy' substituted by `cmy0' on input line 1349.
Package xcolor Info: Model `RGB' extended on input line 1365.
Package xcolor Info: Model `HTML' substituted by `rgb' on input line 1367.
Package xcolor Info: Model `Hsb' substituted by `hsb' on input line 1368.
Package xcolor Info: Model `tHsb' substituted by `hsb' on input line 1369.
Package xcolor Info: Model `HSB' substituted by `hsb' on input line 1370.
Package xcolor Info: Model `Gray' substituted by `gray' on input line 1371.
Package xcolor Info: Model `wave' substituted by `hsb' on input line 1372.
) (/home/akalanka/.TinyTeX/texmf-dist/tex/latex/geometry/geometry.sty
Package: geometry 2026/03/07 v6.0 Page Geometry
(/home/akalanka/.TinyTeX/texmf-dist/tex/latex/graphics/keyval.sty
Package: keyval 2026-05-17 v1.15 key=value parser (DPC)
\KV@toks@=\toks17
) (/home/akalanka/.TinyTeX/texmf-dist/tex/generic/iftex/ifvtex.sty
Package: ifvtex 2019/10/25 v1.7 ifvtex legacy package. Use iftex instead.
(/home/akalanka/.TinyTeX/texmf-dist/tex/generic/iftex/iftex.sty
Package: iftex 2024/12/12 v1.0g TeX engine tests
))
\Gm@cnth=\count281
\Gm@cntv=\count282
\c@Gm@tempcnt=\count283
\Gm@bindingoffset=\dimen151
\Gm@wd@mp=\dimen152
\Gm@odd@mp=\dimen153
\Gm@even@mp=\dimen154
\Gm@layoutwidth=\dimen155
\Gm@layoutheight=\dimen156
\Gm@layouthoffset=\dimen157
\Gm@layoutvoffset=\dimen158
\Gm@dimlist=\toks18
) (/home/akalanka/.TinyTeX/texmf-dist/tex/latex/amsmath/amsmath.sty
Package: amsmath 2026/05/19 v2.18d AMS math features
\@mathmargin=\skip51
For additional information on amsmath, use the `?' option.
(/home/akalanka/.TinyTeX/texmf-dist/tex/latex/amsmath/amstext.sty
Package: amstext 2024/11/17 v2.01 AMS text
(/home/akalanka/.TinyTeX/texmf-dist/tex/latex/amsmath/amsgen.sty
File: amsgen.sty 1999/11/30 v2.0 generic functions
\@emptytoks=\toks19
\ex@=\dimen159
)) (/home/akalanka/.TinyTeX/texmf-dist/tex/latex/amsmath/amsbsy.sty
Package: amsbsy 1999/11/29 v1.2d Bold Symbols
\pmbraise@=\dimen160
) (/home/akalanka/.TinyTeX/texmf-dist/tex/latex/amsmath/amsopn.sty
Package: amsopn 2022/04/08 v2.04 operator names
)
\inf@bad=\count284
LaTeX Info: Redefining \frac on input line 233.
\uproot@=\count285
\leftroot@=\count286
LaTeX Info: Redefining \overline on input line 398.
LaTeX Info: Redefining \colon on input line 409.
\classnum@=\count287
\DOTSCASE@=\count288
LaTeX Info: Redefining \ldots on input line 495.
LaTeX Info: Redefining \dots on input line 498.
LaTeX Info: Redefining \cdots on input line 619.
\Mathstrutbox@=\box53
\strutbox@=\box54
LaTeX Info: Redefining \big on input line 721.
LaTeX Info: Redefining \Big on input line 722.
LaTeX Info: Redefining \bigg on input line 723.
LaTeX Info: Redefining \Bigg on input line 724.
\big@size=\dimen161
LaTeX Font Info:    Redeclaring font encoding OML on input line 742.
LaTeX Font Info:    Redeclaring font encoding OMS on input line 743.
\macc@depth=\count289
LaTeX Info: Redefining \bmod on input line 904.
LaTeX Info: Redefining \pmod on input line 909.
LaTeX Info: Redefining \smash on input line 939.
LaTeX Info: Redefining \relbar on input line 969.
LaTeX Info: Redefining \Relbar on input line 970.
\c@MaxMatrixCols=\count290
\dotsspace@=\muskip17
\c@parentequation=\count291
\dspbrk@lvl=\count292
\tag@help=\toks20
\row@=\count293
\column@=\count294
\maxfields@=\count295
\andhelp@=\toks21
\eqnshift@=\dimen162
\alignsep@=\dimen163
\tagshift@=\dimen164
\tagwidth@=\dimen165
\totwidth@=\dimen166
\lineht@=\dimen167
\@envbody=\toks22
\multlinegap=\skip52
\multlinetaggap=\skip53
\mathdisplay@stack=\toks23
LaTeX Info: Redefining \[ on input line 2965.
LaTeX Info: Redefining \] on input line 2966.
) (/home/akalanka/.TinyTeX/texmf-dist/tex/latex/amsfonts/amssymb.sty
Package: amssymb 2013/01/14 v3.01 AMS font symbols
(/home/akalanka/.TinyTeX/texmf-dist/tex/latex/amsfonts/amsfonts.sty
Package: amsfonts 2013/01/14 v3.01 Basic AMSFonts support
\symAMSa=\mathgroup4
\symAMSb=\mathgroup5
LaTeX Font Info:    Redeclaring math symbol \hbar on input line 98.
LaTeX Font Info:    Overwriting math alphabet `\mathfrak' in version `bold'
(Font)                  U/euf/m/n --> U/euf/b/n on input line 106.
)) (/home/akalanka/.TinyTeX/texmf-dist/tex/latex/unicode-math/unicode-math.sty (/home/akalanka/.TinyTeX/texmf-dist/tex/latex/l3kernel/expl3.sty
Package: expl3 2026-07-20 L3 programming layer (loader) 
(/home/akalanka/.TinyTeX/texmf-dist/tex/latex/l3backend/l3backend-xetex.def
File: l3backend-xetex.def 2026-07-20 L3 backend support: XeTeX
\g__graphics_track_int=\count296
\g__pdfannot_backend_int=\count297
\g__pdfannot_backend_link_int=\count298
))
Package: unicode-math 2023/08/13 v0.8r Unicode maths in XeLaTeX and LuaLaTeX
(/home/akalanka/.TinyTeX/texmf-dist/tex/latex/unicode-math/unicode-math-xetex.sty
Package: unicode-math-xetex 2023/08/13 v0.8r Unicode maths in XeLaTeX and LuaLaTeX
(/home/akalanka/.TinyTeX/texmf-dist/tex/latex/l3packages/xparse/xparse.sty
Package: xparse 2025-10-09 L3 Experimental document command parser
) (/home/akalanka/.TinyTeX/texmf-dist/tex/latex/l3packages/l3keys2e/l3keys2e.sty
Package: l3keys2e 2025-10-09 LaTeX2e option processing using LaTeX3 keys
) (/home/akalanka/.TinyTeX/texmf-dist/tex/latex/fontspec/fontspec.sty
Package: fontspec 2025/09/29 v2.9g Font selection for XeLaTeX and LuaLaTeX
(/home/akalanka/.TinyTeX/texmf-dist/tex/latex/fontspec/fontspec-xetex.sty
Package: fontspec-xetex 2025/09/29 v2.9g Font selection for XeLaTeX and LuaLaTeX
\l__fontspec_script_int=\count299
\l__fontspec_language_int=\count300
\l__fontspec_strnum_int=\count301
\l__fontspec_tmp_int=\count302
\l__fontspec_tmpa_int=\count303
\l__fontspec_tmpb_int=\count304
\l__fontspec_tmpc_int=\count305
\l__fontspec_em_int=\count306
\l__fontspec_emdef_int=\count307
\l__fontspec_strong_int=\count308
\l__fontspec_strongdef_int=\count309
\l__fontspec_tmpa_dim=\dimen168
\l__fontspec_tmpb_dim=\dimen169
\l__fontspec_tmpc_dim=\dimen170
(/home/akalanka/.TinyTeX/texmf-dist/tex/latex/base/fontenc.sty
Package: fontenc 2025/07/18 v2.1d Standard LaTeX package
) (/home/akalanka/.TinyTeX/texmf-dist/tex/latex/fontspec/fontspec.cfg))) (/home/akalanka/.TinyTeX/texmf-dist/tex/latex/base/fix-cm.sty
Package: fix-cm 2020/11/24 v1.1t fixes to LaTeX
(/home/akalanka/.TinyTeX/texmf-dist/tex/latex/base/ts1enc.def
File: ts1enc.def 2001/06/05 v3.0e (jk/car/fm) Standard LaTeX file
LaTeX Font Info:    Redeclaring font encoding TS1 on input line 47.
LaTeX Encoding Info:    Redeclaring text command \capitalcedilla (encoding TS1) on input line 49.
LaTeX Encoding Info:    Redeclaring text command \capitalogonek (encoding TS1) on input line 52.
LaTeX Encoding Info:    Redeclaring text command \capitalgrave (encoding TS1) on input line 55.
LaTeX Encoding Info:    Redeclaring text command \capitalacute (encoding TS1) on input line 56.
LaTeX Encoding Info:    Redeclaring text command \capitalcircumflex (encoding TS1) on input line 57.
LaTeX Encoding Info:    Redeclaring text command \capitaltilde (encoding TS1) on input line 58.
LaTeX Encoding Info:    Redeclaring text command \capitaldieresis (encoding TS1) on input line 59.
LaTeX Encoding Info:    Redeclaring text command \capitalhungarumlaut (encoding TS1) on input line 60.
LaTeX Encoding Info:    Redeclaring text command \capitalring (encoding TS1) on input line 61.
LaTeX Encoding Info:    Redeclaring text command \capitalcaron (encoding TS1) on input line 62.
LaTeX Encoding Info:    Redeclaring text command \capitalbreve (encoding TS1) on input line 63.
LaTeX Encoding Info:    Redeclaring text command \capitalmacron (encoding TS1) on input line 64.
LaTeX Encoding Info:    Redeclaring text command \capitaldotaccent (encoding TS1) on input line 65.
LaTeX Encoding Info:    Redeclaring text command \t (encoding TS1) on input line 66.
LaTeX Encoding Info:    Redeclaring text command \capitaltie (encoding TS1) on input line 67.
LaTeX Encoding Info:    Redeclaring text command \newtie (encoding TS1) on input line 68.
LaTeX Encoding Info:    Redeclaring text command \capitalnewtie (encoding TS1) on input line 69.
LaTeX Encoding Info:    Redeclaring text symbol \textcapitalcompwordmark (encoding TS1) on input line 70.
LaTeX Encoding Info:    Redeclaring text symbol \textascendercompwordmark (encoding TS1) on input line 71.
LaTeX Encoding Info:    Redeclaring text symbol \textquotestraightbase (encoding TS1) on input line 72.
LaTeX Encoding Info:    Redeclaring text symbol \textquotestraightdblbase (encoding TS1) on input line 73.
LaTeX Encoding Info:    Redeclaring text symbol \texttwelveudash (encoding TS1) on input line 74.
LaTeX Encoding Info:    Redeclaring text symbol \textthreequartersemdash (encoding TS1) on input line 75.
LaTeX Encoding Info:    Redeclaring text symbol \textleftarrow (encoding TS1) on input line 76.
LaTeX Encoding Info:    Redeclaring text symbol \textrightarrow (encoding TS1) on input line 77.
LaTeX Encoding Info:    Redeclaring text symbol \textblank (encoding TS1) on input line 78.
LaTeX Encoding Info:    Redeclaring text symbol \textdollar (encoding TS1) on input line 79.
LaTeX Encoding Info:    Redeclaring text symbol \textquotesingle (encoding TS1) on input line 80.
LaTeX Encoding Info:    Redeclaring text command \textasteriskcentered (encoding TS1) on input line 81.
LaTeX Encoding Info:    Redeclaring text symbol \textdblhyphen (encoding TS1) on input line 92.
LaTeX Encoding Info:    Redeclaring text symbol \textfractionsolidus (encoding TS1) on input line 93.
LaTeX Encoding Info:    Redeclaring text symbol \textzerooldstyle (encoding TS1) on input line 94.
LaTeX Encoding Info:    Redeclaring text symbol \textoneoldstyle (encoding TS1) on input line 95.
LaTeX Encoding Info:    Redeclaring text symbol \texttwooldstyle (encoding TS1) on input line 96.
LaTeX Encoding Info:    Redeclaring text symbol \textthreeoldstyle (encoding TS1) on input line 97.
LaTeX Encoding Info:    Redeclaring text symbol \textfouroldstyle (encoding TS1) on input line 98.
LaTeX Encoding Info:    Redeclaring text symbol \textfiveoldstyle (encoding TS1) on input line 99.
LaTeX Encoding Info:    Redeclaring text symbol \textsixoldstyle (encoding TS1) on input line 100.
LaTeX Encoding Info:    Redeclaring text symbol \textsevenoldstyle (encoding TS1) on input line 101.
LaTeX Encoding Info:    Redeclaring text symbol \texteightoldstyle (encoding TS1) on input line 102.
LaTeX Encoding Info:    Redeclaring text symbol \textnineoldstyle (encoding TS1) on input line 103.
LaTeX Encoding Info:    Redeclaring text symbol \textlangle (encoding TS1) on input line 104.
LaTeX Encoding Info:    Redeclaring text symbol \textminus (encoding TS1) on input line 105.
LaTeX Encoding Info:    Redeclaring text symbol \textrangle (encoding TS1) on input line 106.
LaTeX Encoding Info:    Redeclaring text symbol \textmho (encoding TS1) on input line 107.
LaTeX Encoding Info:    Redeclaring text symbol \textbigcircle (encoding TS1) on input line 108.
LaTeX Encoding Info:    Redeclaring text command \textcircled (encoding TS1) on input line 109.
LaTeX Encoding Info:    Redeclaring text symbol \textohm (encoding TS1) on input line 115.
LaTeX Encoding Info:    Redeclaring text symbol \textlbrackdbl (encoding TS1) on input line 116.
LaTeX Encoding Info:    Redeclaring text symbol \textrbrackdbl (encoding TS1) on input line 117.
LaTeX Encoding Info:    Redeclaring text symbol \textuparrow (encoding TS1) on input line 118.
LaTeX Encoding Info:    Redeclaring text symbol \textdownarrow (encoding TS1) on input line 119.
LaTeX Encoding Info:    Redeclaring text symbol \textasciigrave (encoding TS1) on input line 120.
LaTeX Encoding Info:    Redeclaring text symbol \textborn (encoding TS1) on input line 121.
LaTeX Encoding Info:    Redeclaring text symbol \textdivorced (encoding TS1) on input line 122.
LaTeX Encoding Info:    Redeclaring text symbol \textdied (encoding TS1) on input line 123.
LaTeX Encoding Info:    Redeclaring text symbol \textleaf (encoding TS1) on input line 124.
LaTeX Encoding Info:    Redeclaring text symbol \textmarried (encoding TS1) on input line 125.
LaTeX Encoding Info:    Redeclaring text symbol \textmusicalnote (encoding TS1) on input line 126.
LaTeX Encoding Info:    Redeclaring text symbol \texttildelow (encoding TS1) on input line 127.
LaTeX Encoding Info:    Redeclaring text symbol \textdblhyphenchar (encoding TS1) on input line 128.
LaTeX Encoding Info:    Redeclaring text symbol \textasciibreve (encoding TS1) on input line 129.
LaTeX Encoding Info:    Redeclaring text symbol \textasciicaron (encoding TS1) on input line 130.
LaTeX Encoding Info:    Redeclaring text symbol \textacutedbl (encoding TS1) on input line 131.
LaTeX Encoding Info:    Redeclaring text symbol \textgravedbl (encoding TS1) on input line 132.
LaTeX Encoding Info:    Redeclaring text symbol \textdagger (encoding TS1) on input line 133.
LaTeX Encoding Info:    Redeclaring text symbol \textdaggerdbl (encoding TS1) on input line 134.
LaTeX Encoding Info:    Redeclaring text symbol \textbardbl (encoding TS1) on input line 135.
LaTeX Encoding Info:    Redeclaring text symbol \textperthousand (encoding TS1) on input line 136.
LaTeX Encoding Info:    Redeclaring text symbol \textbullet (encoding TS1) on input line 137.
LaTeX Encoding Info:    Redeclaring text symbol \textcelsius (encoding TS1) on input line 138.
LaTeX Encoding Info:    Redeclaring text symbol \textdollaroldstyle (encoding TS1) on input line 139.
LaTeX Encoding Info:    Redeclaring text symbol \textcentoldstyle (encoding TS1) on input line 140.
LaTeX Encoding Info:    Redeclaring text symbol \textflorin (encoding TS1) on input line 141.
LaTeX Encoding Info:    Redeclaring text symbol \textcolonmonetary (encoding TS1) on input line 142.
LaTeX Encoding Info:    Redeclaring text symbol \textwon (encoding TS1) on input line 143.
LaTeX Encoding Info:    Redeclaring text symbol \textnaira (encoding TS1) on input line 144.
LaTeX Encoding Info:    Redeclaring text symbol \textguarani (encoding TS1) on input line 145.
LaTeX Encoding Info:    Redeclaring text symbol \textpeso (encoding TS1) on input line 146.
LaTeX Encoding Info:    Redeclaring text symbol \textlira (encoding TS1) on input line 147.
LaTeX Encoding Info:    Redeclaring text symbol \textrecipe (encoding TS1) on input line 148.
LaTeX Encoding Info:    Redeclaring text symbol \textinterrobang (encoding TS1) on input line 149.
LaTeX Encoding Info:    Redeclaring text symbol \textinterrobangdown (encoding TS1) on input line 150.
LaTeX Encoding Info:    Redeclaring text symbol \textdong (encoding TS1) on input line 151.
LaTeX Encoding Info:    Redeclaring text symbol \texttrademark (encoding TS1) on input line 152.
LaTeX Encoding Info:    Redeclaring text symbol \textpertenthousand (encoding TS1) on input line 153.
LaTeX Encoding Info:    Redeclaring text symbol \textpilcrow (encoding TS1) on input line 154.
LaTeX Encoding Info:    Redeclaring text symbol \textbaht (encoding TS1) on input line 155.
LaTeX Encoding Info:    Redeclaring text symbol \textnumero (encoding TS1) on input line 156.
LaTeX Encoding Info:    Redeclaring text symbol \textdiscount (encoding TS1) on input line 157.
LaTeX Encoding Info:    Redeclaring text symbol \textestimated (encoding TS1) on input line 158.
LaTeX Encoding Info:    Redeclaring text symbol \textopenbullet (encoding TS1) on input line 159.
LaTeX Encoding Info:    Redeclaring text symbol \textservicemark (encoding TS1) on input line 160.
LaTeX Encoding Info:    Redeclaring text symbol \textlquill (encoding TS1) on input line 161.
LaTeX Encoding Info:    Redeclaring text symbol \textrquill (encoding TS1) on input line 162.
LaTeX Encoding Info:    Redeclaring text symbol \textcent (encoding TS1) on input line 163.
LaTeX Encoding Info:    Redeclaring text symbol \textsterling (encoding TS1) on input line 164.
LaTeX Encoding Info:    Redeclaring text symbol \textcurrency (encoding TS1) on input line 165.
LaTeX Encoding Info:    Redeclaring text symbol \textyen (encoding TS1) on input line 166.
LaTeX Encoding Info:    Redeclaring text symbol \textbrokenbar (encoding TS1) on input line 167.
LaTeX Encoding Info:    Redeclaring text symbol \textsection (encoding TS1) on input line 168.
LaTeX Encoding Info:    Redeclaring text symbol \textasciidieresis (encoding TS1) on input line 169.
LaTeX Encoding Info:    Redeclaring text symbol \textcopyright (encoding TS1) on input line 170.
LaTeX Encoding Info:    Redeclaring text symbol \textordfeminine (encoding TS1) on input line 171.
LaTeX Encoding Info:    Redeclaring text symbol \textcopyleft (encoding TS1) on input line 172.
LaTeX Encoding Info:    Redeclaring text symbol \textlnot (encoding TS1) on input line 173.
LaTeX Encoding Info:    Redeclaring text symbol \textcircledP (encoding TS1) on input line 174.
LaTeX Encoding Info:    Redeclaring text symbol \textregistered (encoding TS1) on input line 175.
LaTeX Encoding Info:    Redeclaring text symbol \textasciimacron (encoding TS1) on input line 176.
LaTeX Encoding Info:    Redeclaring text symbol \textdegree (encoding TS1) on input line 177.
LaTeX Encoding Info:    Redeclaring text symbol \textpm (encoding TS1) on input line 178.
LaTeX Encoding Info:    Redeclaring text symbol \texttwosuperior (encoding TS1) on input line 179.
LaTeX Encoding Info:    Redeclaring text symbol \textthreesuperior (encoding TS1) on input line 180.
LaTeX Encoding Info:    Redeclaring text symbol \textasciiacute (encoding TS1) on input line 181.
LaTeX Encoding Info:    Redeclaring text symbol \textmu (encoding TS1) on input line 182.
LaTeX Encoding Info:    Redeclaring text symbol \textparagraph (encoding TS1) on input line 183.
LaTeX Encoding Info:    Redeclaring text symbol \textperiodcentered (encoding TS1) on input line 184.
LaTeX Encoding Info:    Redeclaring text symbol \textreferencemark (encoding TS1) on input line 185.
LaTeX Encoding Info:    Redeclaring text symbol \textonesuperior (encoding TS1) on input line 186.
LaTeX Encoding Info:    Redeclaring text symbol \textordmasculine (encoding TS1) on input line 187.
LaTeX Encoding Info:    Redeclaring text symbol \textsurd (encoding TS1) on input line 188.
LaTeX Encoding Info:    Redeclaring text symbol \textonequarter (encoding TS1) on input line 189.
LaTeX Encoding Info:    Redeclaring text symbol \textonehalf (encoding TS1) on input line 190.
LaTeX Encoding Info:    Redeclaring text symbol \textthreequarters (encoding TS1) on input line 191.
LaTeX Encoding Info:    Redeclaring text symbol \texteuro (encoding TS1) on input line 192.
LaTeX Encoding Info:    Redeclaring text symbol \texttimes (encoding TS1) on input line 193.
LaTeX Encoding Info:    Redeclaring text symbol \textdiv (encoding TS1) on input line 194.
))
\g__um_fam_int=\count310
\g__um_fonts_used_int=\count311
\l__um_primecount_int=\count312
\g__um_primekern_muskip=\muskip18
(/home/akalanka/.TinyTeX/texmf-dist/tex/latex/unicode-math/unicode-math-table.tex))) (/home/akalanka/.TinyTeX/texmf-dist/tex/latex/lm/lmodern.sty
Package: lmodern 2015/05/01 v1.6.1 Latin Modern Fonts
LaTeX Font Info:    Overwriting symbol font `operators' in version `normal'
(Font)                  OT1/cmr/m/n --> OT1/lmr/m/n on input line 22.
LaTeX Font Info:    Overwriting symbol font `letters' in version `normal'
(Font)                  OML/cmm/m/it --> OML/lmm/m/it on input line 23.
LaTeX Font Info:    Overwriting symbol font `symbols' in version `normal'
(Font)                  OMS/cmsy/m/n --> OMS/lmsy/m/n on input line 24.
LaTeX Font Info:    Overwriting symbol font `largesymbols' in version `normal'
(Font)                  OMX/cmex/m/n --> OMX/lmex/m/n on input line 25.
LaTeX Font Info:    Overwriting symbol font `operators' in version `bold'
(Font)                  OT1/cmr/bx/n --> OT1/lmr/bx/n on input line 26.
LaTeX Font Info:    Overwriting symbol font `letters' in version `bold'
(Font)                  OML/cmm/b/it --> OML/lmm/b/it on input line 27.
LaTeX Font Info:    Overwriting symbol font `symbols' in version `bold'
(Font)                  OMS/cmsy/b/n --> OMS/lmsy/b/n on input line 28.
LaTeX Font Info:    Overwriting symbol font `largesymbols' in version `bold'
(Font)                  OMX/cmex/m/n --> OMX/lmex/m/n on input line 29.
LaTeX Font Info:    Overwriting math alphabet `\mathbf' in version `normal'
(Font)                  OT1/cmr/bx/n --> OT1/lmr/bx/n on input line 31.
LaTeX Font Info:    Overwriting math alphabet `\mathsf' in version `normal'
(Font)                  OT1/cmss/m/n --> OT1/lmss/m/n on input line 32.
LaTeX Font Info:    Overwriting math alphabet `\mathit' in version `normal'
(Font)                  OT1/cmr/m/it --> OT1/lmr/m/it on input line 33.
LaTeX Font Info:    Overwriting math alphabet `\mathtt' in version `normal'
(Font)                  OT1/cmtt/m/n --> OT1/lmtt/m/n on input line 34.
LaTeX Font Info:    Overwriting math alphabet `\mathbf' in version `bold'
(Font)                  OT1/cmr/bx/n --> OT1/lmr/bx/n on input line 35.
LaTeX Font Info:    Overwriting math alphabet `\mathsf' in version `bold'
(Font)                  OT1/cmss/bx/n --> OT1/lmss/bx/n on input line 36.
LaTeX Font Info:    Overwriting math alphabet `\mathit' in version `bold'
(Font)                  OT1/cmr/bx/it --> OT1/lmr/bx/it on input line 37.
LaTeX Font Info:    Overwriting math alphabet `\mathtt' in version `bold'
(Font)                  OT1/cmtt/m/n --> OT1/lmtt/m/n on input line 38.
)

Package fontspec Info: 
(fontspec)             Times New Roman scale = 0.9636299023440277.


Package fontspec Info: 
(fontspec)             Times New Roman scale = 1.


Package fontspec Info: 
(fontspec)             Times New Roman scale = 0.9636299023440277.


Package fontspec Info: 
(fontspec)             Times New Roman scale = 1.


Package fontspec Info: 
(fontspec)             Times New Roman/B scale = 0.9440481727713549.


Package fontspec Info: 
(fontspec)             Times New Roman/B scale = 1.


Package fontspec Info: 
(fontspec)             Times New Roman/I scale = 0.9753424972879338.


Package fontspec Info: 
(fontspec)             Times New Roman/I scale = 1.


Package fontspec Info: 
(fontspec)             Times New Roman/BI scale = 0.9521952754312876.


Package fontspec Info: 
(fontspec)             Times New Roman/BI scale = 1.


Package fontspec Info: 
(fontspec)             Font family 'TimesNewRoman(0)' created for font 'Times
(fontspec)             New Roman' with options
(fontspec)             [Scale=MatchLowercase,Ligatures=TeX,Scale=1].
(fontspec)              
(fontspec)              This font family consists of the following NFSS
(fontspec)             series/shapes:
(fontspec)              
(fontspec)             - 'normal' (m/n) with NFSS spec.: <->s*[1]"Times New
(fontspec)             Roman/OT:language=dflt;mapping=tex-text;"
(fontspec)             - 'bold' (b/n) with NFSS spec.: <->s*[1]"Times New
(fontspec)             Roman/B/OT:language=dflt;mapping=tex-text;"
(fontspec)             - 'italic' (m/it) with NFSS spec.: <->s*[1]"Times New
(fontspec)             Roman/I/OT:language=dflt;mapping=tex-text;"
(fontspec)             - 'bold italic' (b/it) with NFSS spec.: <->s*[1]"Times
(fontspec)             New Roman/BI/OT:language=dflt;mapping=tex-text;"

LaTeX Font Info:    Font shape `TU/TimesNewRoman(0)/m/n' will be
(Font)              scaled to size 12.0pt on input line 26.

Package fontspec Info: 
(fontspec)             Times New Roman scale = 0.9999971570313723.


Package fontspec Info: 
(fontspec)             Times New Roman scale = 0.9999971570313723.


Package fontspec Info: 
(fontspec)             Times New Roman/B scale = 0.9796764157853839.


Package fontspec Info: 
(fontspec)             Times New Roman/I scale = 1.012151783633219.


Package fontspec Info: 
(fontspec)             Times New Roman/BI scale = 0.9881309889344298.


Package fontspec Info: 
(fontspec)             Font family 'TimesNewRoman(1)' created for font 'Times
(fontspec)             New Roman' with options [Scale=MatchLowercase].
(fontspec)              
(fontspec)              This font family consists of the following NFSS
(fontspec)             series/shapes:
(fontspec)              
(fontspec)             - 'normal' (m/n) with NFSS spec.:
(fontspec)             <->s*[0.9999971570313723]"Times New
(fontspec)             Roman/OT:language=dflt;"
(fontspec)             - 'bold' (b/n) with NFSS spec.:
(fontspec)             <->s*[0.9796764157853839]"Times New
(fontspec)             Roman/B/OT:language=dflt;"
(fontspec)             - 'italic' (m/it) with NFSS spec.:
(fontspec)             <->s*[1.012151783633219]"Times New
(fontspec)             Roman/I/OT:language=dflt;"
(fontspec)             - 'bold italic' (b/it) with NFSS spec.:
(fontspec)             <->s*[0.9881309889344298]"Times New
(fontspec)             Roman/BI/OT:language=dflt;"

LaTeX Font Info:    Overwriting math alphabet `\mathrm' in version `normal'
(Font)                  OT1/lmr/m/n --> TU/TimesNewRoman(1)/m/n on input line 26.
LaTeX Font Info:    Overwriting math alphabet `\mathit' in version `normal'
(Font)                  OT1/lmr/m/it --> TU/TimesNewRoman(1)/m/it on input line 26.
LaTeX Font Info:    Overwriting math alphabet `\mathbf' in version `normal'
(Font)                  OT1/lmr/bx/n --> TU/TimesNewRoman(1)/b/n on input line 26.
(/home/akalanka/.TinyTeX/texmf-dist/tex/latex/upquote/upquote.sty
Package: upquote 2012/04/19 v1.3 upright-quote and grave-accent glyphs in verbatim
(/home/akalanka/.TinyTeX/texmf-dist/tex/latex/base/textcomp.sty
Package: textcomp 2024/04/24 v2.1b Standard LaTeX package
)) (/home/akalanka/.TinyTeX/texmf-dist/tex/latex/graphics/graphicx.sty
Package: graphicx 2026-05-17 v1.2e Enhanced LaTeX Graphics (DPC,SPQR)
(/home/akalanka/.TinyTeX/texmf-dist/tex/latex/graphics/graphics.sty
Package: graphics 2026-05-17 v1.4h Standard LaTeX Graphics (DPC,SPQR)
(/home/akalanka/.TinyTeX/texmf-dist/tex/latex/graphics/trig.sty
Package: trig 2023/12/02 v1.11 sin cos tan (DPC)
) (/home/akalanka/.TinyTeX/texmf-dist/tex/latex/graphics-cfg/graphics.cfg
File: graphics.cfg 2016/06/04 v1.11 sample graphics configuration
)
Package graphics Info: Driver file: xetex.def on input line 106.
)
\Gin@req@height=\dimen171
\Gin@req@width=\dimen172
)
\pandoc@box=\box55
(/home/akalanka/.TinyTeX/texmf-dist/tex/latex/setspace/setspace.sty
Package: setspace 2022/12/04 v6.7b set line spacing
) (/home/akalanka/.TinyTeX/texmf-dist/tex/latex/caption/caption.sty
Package: caption 2023/08/05 v3.6o Customizing captions (AR)
(/home/akalanka/.TinyTeX/texmf-dist/tex/latex/caption/caption3.sty
Package: caption3 2023/07/31 v2.4d caption3 kernel (AR)
\caption@tempdima=\dimen173
\captionmargin=\dimen174
\caption@leftmargin=\dimen175
\caption@rightmargin=\dimen176
\caption@width=\dimen177
\caption@indent=\dimen178
\caption@parindent=\dimen179
\caption@hangindent=\dimen180
Package caption Info: Standard document class detected.
)
\c@caption@flags=\count313
\c@continuedfloat=\count314
) (/home/akalanka/.TinyTeX/texmf-dist/tex/latex/graphics/rotating.sty
Package: rotating 2026-05-17 v2.16e rotated objects in LaTeX
(/home/akalanka/.TinyTeX/texmf-dist/tex/latex/base/ifthen.sty
Package: ifthen 2024/03/16 v1.1e Standard LaTeX ifthen package (DPC)
)
\c@r@tfl@t=\count315
\rotFPtop=\skip54
\rotFPbot=\skip55
\rot@float@box=\box56
\rot@mess@toks=\toks24
) (/home/akalanka/.TinyTeX/texmf-dist/tex/latex/pdflscape/pdflscape.sty
Package: pdflscape 2025-06-23 v0.14 Display of landscape pages in PDF
(/home/akalanka/.TinyTeX/texmf-dist/tex/latex/pdflscape/pdflscape-nometadata.sty
Package: pdflscape-nometadata 2025-06-23 v0.14 Display of landscape pages in PDF (HO)
(/home/akalanka/.TinyTeX/texmf-dist/tex/latex/graphics/lscape.sty
Package: lscape 2020/05/28 v3.02 Landscape Pages (DPC)
)
Package pdflscape Info: Auto-detected driver: dvipdfm (xetex) on input line 98.
)) (/home/akalanka/.TinyTeX/texmf-dist/tex/latex/float/float.sty
Package: float 2001/11/08 v1.3d Float enhancements (AL)
\c@float@type=\count316
\float@exts=\toks25
\float@box=\box57
\@float@everytoks=\toks26
\@floatcapt=\box58
) (/home/akalanka/.TinyTeX/texmf-dist/tex/latex/fancyhdr/fancyhdr.sty
Package: fancyhdr 2025/02/07 v5.2 Extensive control of page headers and footers
\f@nch@headwidth=\skip56
\f@nch@offset@elh=\skip57
\f@nch@offset@erh=\skip58
\f@nch@offset@olh=\skip59
\f@nch@offset@orh=\skip60
\f@nch@offset@elf=\skip61
\f@nch@offset@erf=\skip62
\f@nch@offset@olf=\skip63
\f@nch@offset@orf=\skip64
\f@nch@height=\skip65
\f@nch@footalignment=\skip66
\f@nch@widthL=\skip67
\f@nch@widthC=\skip68
\f@nch@widthR=\skip69
\@temptokenb=\toks27
) (/home/akalanka/.TinyTeX/texmf-dist/tex/generic/ulem/ulem.sty
\UL@box=\box59
\UL@hyphenbox=\box60
\UL@skip=\skip70
\UL@hook=\toks28
\UL@height=\dimen181
\UL@pe=\count317
\UL@pixel=\dimen182
\ULC@box=\box61
Package: ulem 2019/11/18
\ULdepth=\dimen183
) (/home/akalanka/.TinyTeX/texmf-dist/tex/latex/sectsty/sectsty.sty
Package: sectsty 2002/02/25 v2.0.2 Commands to change all sectional heading styles

LaTeX Warning: Command \underbar  has changed.
               Check if current package is valid.


LaTeX Warning: Command \underline  has changed.
               Check if current package is valid.

) (/home/akalanka/.TinyTeX/texmf-dist/tex/latex/fvextra/fvextra.sty
Package: fvextra 2026/02/25 v1.14.0 fvextra - extensions and patches for fancyvrb
(/home/akalanka/.TinyTeX/texmf-dist/tex/latex/etoolbox/etoolbox.sty
Package: etoolbox 2025/10/02 v2.5m e-TeX tools for LaTeX (JAW)
\etb@tempcnta=\count318
) (/home/akalanka/.TinyTeX/texmf-dist/tex/latex/fancyvrb/fancyvrb.sty
Package: fancyvrb 2026/04/16 4.6a verbatim text (tvz,hv)
\FV@CodeLineNo=\count319
\FV@InFile=\read2
\FV@TabBox=\box62
\c@FancyVerbLine=\count320
\FV@StepNumber=\count321
\FV@OutFile=\write3
) (/home/akalanka/.TinyTeX/texmf-dist/tex/latex/lineno/lineno.sty
Package: lineno 2026/03/08 line numbers on paragraphs v5.9
(/home/akalanka/.TinyTeX/texmf-dist/tex/latex/kvoptions/kvoptions.sty
Package: kvoptions 2022-06-15 v3.15 Key value format for package options (HO)
(/home/akalanka/.TinyTeX/texmf-dist/tex/generic/ltxcmds/ltxcmds.sty
Package: ltxcmds 2023-12-04 v1.26 LaTeX kernel commands for general use (HO)
) (/home/akalanka/.TinyTeX/texmf-dist/tex/latex/kvsetkeys/kvsetkeys.sty
Package: kvsetkeys 2022-10-05 v1.19 Key value parser (HO)
))
\linenopenalty=\count322
\output=\toks29
\linenoprevgraf=\count323
\linenumbersep=\dimen184
\linenumberwidth=\dimen185
\c@linenumber=\count324
\c@pagewiselinenumber=\count325
\c@LN@truepage=\count326
\c@internallinenumber=\count327
\c@internallinenumbers=\count328
\quotelinenumbersep=\dimen186
\bframerule=\dimen187
\bframesep=\dimen188
\bframebox=\box63
\@LN@amsmath@ams@eqpen=\count329
)
\c@FancyVerbWriteLine=\count330
\c@FancyVerbBufferLine=\count331
\c@FV@TrueTabGroupLevel=\count332
\c@FV@TrueTabCounter=\count333
\FV@TabBox@Group=\box64
\FV@bgcolorstructbox=\box65
\FV@TmpLength=\skip71
\c@FV@HighlightLinesStart=\count334
\c@FV@HighlightLinesStop=\count335
\FV@LoopCount=\count336
\FV@NCharsBox=\box66
\FV@BreakIndent=\dimen189
\FV@BreakIndentNChars=\count337
\FV@BreakSymbolSepLeft=\dimen190
\FV@BreakSymbolSepLeftNChars=\count338
\FV@BreakSymbolSepRight=\dimen191
\FV@BreakSymbolSepRightNChars=\count339
\FV@BreakSymbolIndentLeft=\dimen192
\FV@BreakSymbolIndentLeftNChars=\count340
\FV@BreakSymbolIndentRight=\dimen193
\FV@BreakSymbolIndentRightNChars=\count341
\c@FancyVerbLineBreakLast=\count342
\FV@LineBox=\box67
\FV@LineIndentBox=\box68
\c@FV@BreakBufferDepth=\count343
\FV@LineWidth=\dimen194
) (/home/akalanka/.TinyTeX/texmf-dist/tex/latex/booktabs/booktabs.sty
Package: booktabs 2020/01/12 v1.61803398 Publication quality tables
\heavyrulewidth=\dimen195
\lightrulewidth=\dimen196
\cmidrulewidth=\dimen197
\belowrulesep=\dimen198
\belowbottomsep=\dimen199
\aboverulesep=\dimen256
\abovetopsep=\dimen257
\cmidrulesep=\dimen258
\cmidrulekern=\dimen259
\defaultaddspace=\dimen260
\@cmidla=\count344
\@cmidlb=\count345
\@aboverulesep=\dimen261
\@belowrulesep=\dimen262
\@thisruleclass=\count346
\@lastruleclass=\count347
\@thisrulewidth=\dimen263
) (/home/akalanka/.TinyTeX/texmf-dist/tex/latex/tools/longtable.sty
Package: longtable 2026-01-28 v4.27 Multi-page Table package (DPC)
\LTleft=\skip72
\LTright=\skip73
\LTpre=\skip74
\LTpost=\skip75
\LTchunksize=\count348
\LTcapwidth=\dimen264
\LT@head=\box69
\LT@firsthead=\box70
\LT@foot=\box71
\LT@lastfoot=\box72
\LT@gbox=\box73
\LT@cols=\count349
\LT@rows=\count350
\c@LT@tables=\count351
\c@LT@chunks=\count352
\LT@p@ftn=\toks30
) (/home/akalanka/.TinyTeX/texmf-dist/tex/latex/tools/array.sty
Package: array 2026/02/24 v2.7b Tabular extension package (FMi)
\col@sep=\dimen265
\ar@mcellbox=\box74
\extrarowheight=\dimen266
\NC@list=\toks31
\extratabsurround=\skip76
\backup@length=\skip77
\ar@cellbox=\box75
) (/home/akalanka/.TinyTeX/texmf-dist/tex/latex/multirow/multirow.sty
Package: multirow 2024/11/12 v2.9 Span multiple rows of a table
\multirow@colwidth=\skip78
\multirow@cntb=\count353
\multirow@dima=\skip79
\bigstrutjot=\dimen267
) (/home/akalanka/.TinyTeX/texmf-dist/tex/latex/wrapfig/wrapfig.sty
\wrapoverhang=\dimen268
\WF@size=\dimen269
\c@WF@wrappedlines=\count354
\WF@box=\box76
\WF@everypar=\toks32
Package: wrapfig 2003/01/31  v 3.6
) (/home/akalanka/.TinyTeX/texmf-dist/tex/latex/colortbl/colortbl.sty
Package: colortbl 2026/05/01 v1.0l Color table columns (DPC)
new hooks used!!
\minrowclearance=\skip80
\rownum=\count355
) (/home/akalanka/.TinyTeX/texmf-dist/tex/latex/tools/tabularx.sty
Package: tabularx 2023/12/11 v2.12a `tabularx' package (DPC)
\TX@col@width=\dimen270
\TX@old@table=\dimen271
\TX@old@col=\dimen272
\TX@target=\dimen273
\TX@delta=\dimen274
\TX@cols=\count356
\TX@ftn=\toks33
) (/home/akalanka/.TinyTeX/texmf-dist/tex/latex/xltabular/xltabular.sty
Package: xltabular 2025/02/28 v0.2i `xltabular' package (hv,RN)
(/home/akalanka/.TinyTeX/texmf-dist/tex/latex/ltablex/ltablex.sty
Package: ltablex 2014/08/13 v1.1 Modified tabularx
)) (/home/akalanka/.TinyTeX/texmf-dist/tex/latex/threeparttable/threeparttable.sty
Package: threeparttable 2003/06/13  v 3.0
\@tempboxb=\box77
) (/home/akalanka/.TinyTeX/texmf-dist/tex/latex/threeparttablex/threeparttablex.sty
Package: threeparttablex 2013/07/23 v0.3 by daleif
(/home/akalanka/.TinyTeX/texmf-dist/tex/latex/environ/environ.sty
Package: environ 2014/05/04 v0.3 A new way to define environments
(/home/akalanka/.TinyTeX/texmf-dist/tex/latex/trimspaces/trimspaces.sty
Package: trimspaces 2009/09/17 v1.1 Trim spaces around a token list
))
\TPTL@width=\skip81
) (/home/akalanka/.TinyTeX/texmf-dist/tex/latex/makecell/makecell.sty
Package: makecell 2009/08/03 V0.1e Managing of Tab Column Heads and Cells
\rotheadsize=\dimen275
\c@nlinenum=\count357
\TeXr@lab=\toks34
) (/home/akalanka/.TinyTeX/texmf-dist/tex/latex/bookmark/bookmark.sty
Package: bookmark 2026-05-21 v1.32 PDF bookmarks (HO)
(/home/akalanka/.TinyTeX/texmf-dist/tex/latex/hyperref/hyperref.sty
Package: hyperref 2026-06-17 v7.01r Hypertext links for LaTeX
(/home/akalanka/.TinyTeX/texmf-dist/tex/generic/kvdefinekeys/kvdefinekeys.sty
Package: kvdefinekeys 2019-12-19 v1.6 Define keys (HO)
) (/home/akalanka/.TinyTeX/texmf-dist/tex/generic/pdfescape/pdfescape.sty
Package: pdfescape 2019/12/09 v1.15 Implements pdfTeX's escape features (HO)
(/home/akalanka/.TinyTeX/texmf-dist/tex/generic/pdftexcmds/pdftexcmds.sty
Package: pdftexcmds 2020-06-27 v0.33 Utility functions of pdfTeX for LuaTeX (HO)
(/home/akalanka/.TinyTeX/texmf-dist/tex/generic/infwarerr/infwarerr.sty
Package: infwarerr 2019/12/03 v1.5 Providing info/warning/error messages (HO)
)
Package pdftexcmds Info: \pdf@primitive is available.
Package pdftexcmds Info: \pdf@ifprimitive is available.
Package pdftexcmds Info: \pdfdraftmode not found.
)) (/home/akalanka/.TinyTeX/texmf-dist/tex/latex/hycolor/hycolor.sty
Package: hycolor 2020-01-27 v1.10 Color options for hyperref/bookmark (HO)
) (/home/akalanka/.TinyTeX/texmf-dist/tex/latex/hyperref/nameref.sty
Package: nameref 2026-01-29 v2.58 Cross-referencing by name of section
(/home/akalanka/.TinyTeX/texmf-dist/tex/latex/refcount/refcount.sty
Package: refcount 2019/12/15 v3.6 Data extraction from label references (HO)
) (/home/akalanka/.TinyTeX/texmf-dist/tex/generic/gettitlestring/gettitlestring.sty
Package: gettitlestring 2019/12/15 v1.6 Cleanup title references (HO)
)
\c@section@level=\count358
) (/home/akalanka/.TinyTeX/texmf-dist/tex/generic/stringenc/stringenc.sty
Package: stringenc 2019/11/29 v1.12 Convert strings between diff. encodings (HO)
)
\@linkdim=\dimen276
\Hy@linkcounter=\count359
\Hy@pagecounter=\count360
(/home/akalanka/.TinyTeX/texmf-dist/tex/latex/hyperref/pd1enc.def
File: pd1enc.def 2026-06-17 v7.01r Hyperref: PDFDocEncoding definition (HO)
) (/home/akalanka/.TinyTeX/texmf-dist/tex/generic/intcalc/intcalc.sty
Package: intcalc 2019/12/15 v1.3 Expandable calculations with integers (HO)
)
\Hy@SavedSpaceFactor=\count361
(/home/akalanka/.TinyTeX/texmf-dist/tex/latex/hyperref/puenc.def
File: puenc.def 2026-06-17 v7.01r Hyperref: PDF Unicode definition (HO)
)
Package hyperref Info: Option `unicode' set `true' on input line 4070.
Package hyperref Info: Hyper figures OFF on input line 4199.
Package hyperref Info: Link nesting OFF on input line 4204.
Package hyperref Info: Hyper index ON on input line 4207.
Package hyperref Info: Plain pages OFF on input line 4214.
Package hyperref Info: Backreferencing OFF on input line 4219.
Package hyperref Info: Implicit mode ON; LaTeX internals redefined.
Package hyperref Info: Bookmarks ON on input line 4466.
\c@Hy@tempcnt=\count362
(/home/akalanka/.TinyTeX/texmf-dist/tex/latex/url/url.sty
\Urlmuskip=\muskip19
Package: url 2013/09/16  ver 3.4  Verb mode for urls, etc.
)
LaTeX Info: Redefining \url on input line 4805.
\XeTeXLinkMargin=\dimen277
(/home/akalanka/.TinyTeX/texmf-dist/tex/generic/bitset/bitset.sty
Package: bitset 2019/12/09 v1.3 Handle bit-vector datatype (HO)
(/home/akalanka/.TinyTeX/texmf-dist/tex/generic/bigintcalc/bigintcalc.sty
Package: bigintcalc 2019/12/15 v1.5 Expandable calculations on big integers (HO)
))
\Fld@menulength=\count363
\Field@Width=\dimen278
\Fld@charsize=\dimen279
Package hyperref Info: Hyper figures OFF on input line 6091.
Package hyperref Info: Link nesting OFF on input line 6096.
Package hyperref Info: Hyper index ON on input line 6099.
Package hyperref Info: backreferencing OFF on input line 6106.
Package hyperref Info: Link coloring OFF on input line 6111.
Package hyperref Info: Link coloring with OCG OFF on input line 6116.
Package hyperref Info: PDF/A mode OFF on input line 6121.
\Hy@abspage=\count364
\c@Item=\count365
\c@Hfootnote=\count366
)
Package hyperref Info: Driver (autodetected): hxetex.
(/home/akalanka/.TinyTeX/texmf-dist/tex/latex/hyperref/hxetex.def
File: hxetex.def 2026-06-17 v7.01r Hyperref driver for XeTeX
\pdfm@box=\box78
\c@Hy@AnnotLevel=\count367
\HyField@AnnotCount=\count368
\Fld@listcount=\count369
\c@bookmark@seq@number=\count370
(/home/akalanka/.TinyTeX/texmf-dist/tex/latex/rerunfilecheck/rerunfilecheck.sty
Package: rerunfilecheck 2025-06-21 v1.11 Rerun checks for auxiliary files (HO)
(/home/akalanka/.TinyTeX/texmf-dist/tex/generic/uniquecounter/uniquecounter.sty
Package: uniquecounter 2019/12/15 v1.4 Provide unlimited unique counter (HO)
)
Package uniquecounter Info: New unique counter `rerunfilecheck' on input line 284.
)
\Hy@SectionHShift=\skip82
) (/home/akalanka/.TinyTeX/texmf-dist/tex/latex/bookmark/bkm-xetex.def
File: bkm-xetex.def 2026-05-21 v1.32 bookmark driver for xetex (HO)
\BKM@id=\count371
)) (./Final_Report.aux)
\openout1 = `Final_Report.aux'.

LaTeX Font Info:    Checking defaults for OML/cmm/m/it on input line 113.
LaTeX Font Info:    ... okay on input line 113.
LaTeX Font Info:    Checking defaults for OMS/cmsy/m/n on input line 113.
LaTeX Font Info:    ... okay on input line 113.
LaTeX Font Info:    Checking defaults for OT1/cmr/m/n on input line 113.
LaTeX Font Info:    ... okay on input line 113.
LaTeX Font Info:    Checking defaults for T1/cmr/m/n on input line 113.
LaTeX Font Info:    ... okay on input line 113.
LaTeX Font Info:    Checking defaults for TS1/cmr/m/n on input line 113.
LaTeX Font Info:    ... okay on input line 113.
LaTeX Font Info:    Checking defaults for TU/lmr/m/n on input line 113.
LaTeX Font Info:    ... okay on input line 113.
LaTeX Font Info:    Checking defaults for OMX/cmex/m/n on input line 113.
LaTeX Font Info:    ... okay on input line 113.
LaTeX Font Info:    Checking defaults for U/cmr/m/n on input line 113.
LaTeX Font Info:    ... okay on input line 113.
LaTeX Font Info:    Checking defaults for PD1/pdf/m/n on input line 113.
LaTeX Font Info:    ... okay on input line 113.
LaTeX Font Info:    Checking defaults for PU/pdf/m/n on input line 113.
LaTeX Font Info:    ... okay on input line 113.
*geometry* driver: auto-detecting
*geometry* detected driver: xetex
*geometry* verbose mode - [ preamble ] result:
* driver: xetex
* paper: a4paper
* layout: <same size as paper>
* layoutoffset:(h,v)=(0.0pt,0.0pt)
* modes: 
* h-part:(L,W,R)=(108.405pt, 416.83289pt, 72.26999pt)
* v-part:(T,H,B)=(72.26999pt, 700.50687pt, 72.26999pt)
* \paperwidth=597.50787pt
* \paperheight=845.04684pt
* \textwidth=416.83289pt
* \textheight=700.50687pt
* \oddsidemargin=36.13501pt
* \evensidemargin=36.13501pt
* \topmargin=-37.0pt
* \headheight=12.0pt
* \headsep=25.0pt
* \topskip=12.0pt
* \footskip=30.0pt
* \marginparwidth=44.0pt
* \marginparsep=10.0pt
* \columnsep=10.0pt
* \skip\footins=10.8pt plus 4.0pt minus 2.0pt
* \hoffset=0.0pt
* \voffset=0.0pt
* \mag=1000
* \@twocolumnfalse
* \@twosidefalse
* \@mparswitchfalse
* \@reversemarginfalse
* (1in=72.27pt=25.4mm, 1cm=28.453pt)

LaTeX Font Info:    Overwriting math alphabet `\mathsf' in version `normal'
(Font)                  OT1/lmss/m/n --> TU/lmss/m/n on input line 113.
LaTeX Font Info:    Overwriting math alphabet `\mathsf' in version `bold'
(Font)                  OT1/lmss/bx/n --> TU/lmss/b/n on input line 113.
LaTeX Font Info:    Overwriting math alphabet `\mathtt' in version `normal'
(Font)                  OT1/lmtt/m/n --> TU/lmtt/m/n on input line 113.
LaTeX Font Info:    Overwriting math alphabet `\mathtt' in version `bold'
(Font)                  OT1/lmtt/m/n --> TU/lmtt/b/n on input line 113.

Package fontspec Info: 
(fontspec)             latinmodern-math scale = 1.037736795366909.


Package fontspec Info: 
(fontspec)             latinmodern-math scale = 1.037736795366909.


Package fontspec Info: 
(fontspec)             latinmodern-math scale = 1.037736795366909.


Package fontspec Info: 
(fontspec)             Font family 'latinmodern-math.otf(0)' created for font
(fontspec)             'latinmodern-math.otf' with options
(fontspec)             [Scale=MatchLowercase,BoldItalicFont={},ItalicFont={},SmallCapsFont={},Script=Math,BoldFont={latinmodern-math.otf}].
(fontspec)              
(fontspec)              This font family consists of the following NFSS
(fontspec)             series/shapes:
(fontspec)              
(fontspec)             - 'normal' (m/n) with NFSS spec.:
(fontspec)             <->s*[1.037736795366909]"[latinmodern-math.otf]/OT:script=math;language=dflt;"
(fontspec)             - 'bold' (b/n) with NFSS spec.:
(fontspec)             <->s*[1.037736795366909]"[latinmodern-math.otf]/OT:script=math;language=dflt;"

LaTeX Font Info:    Font shape `TU/latinmodern-math.otf(0)/m/n' will be
(Font)              scaled to size 12.45282pt on input line 113.

Package fontspec Info: 
(fontspec)             latinmodern-math scale = 1.037736795366909.


Package fontspec Info: 
(fontspec)             latinmodern-math scale = 1.037736795366909.


Package fontspec Info: 
(fontspec)             latinmodern-math scale = 1.037736795366909.


Package fontspec Info: 
(fontspec)             latinmodern-math scale = 1.037736795366909.


Package fontspec Info: 
(fontspec)             latinmodern-math scale = 1.037736795366909.


Package fontspec Info: 
(fontspec)             Font family 'latinmodern-math.otf(1)' created for font
(fontspec)             'latinmodern-math.otf' with options
(fontspec)             [Scale=MatchLowercase,BoldItalicFont={},ItalicFont={},SmallCapsFont={},Script=Math,SizeFeatures={{Size=10.2-},{Size=7.2-10.2,Font=latinmodern-math.otf,Style=MathScript},{Size=-7.2,Font=latinmodern-math.otf,Style=MathScriptScript}},BoldFont={latinmodern-math.otf}].
(fontspec)              
(fontspec)              This font family consists of the following NFSS
(fontspec)             series/shapes:
(fontspec)              
(fontspec)             - 'normal' (m/n) with NFSS spec.:
(fontspec)             <10.2->s*[1.037736795366909]"[latinmodern-math.otf]/OT:script=math;language=dflt;"<7.2-10.2>s*[1.037736795366909]"[latinmodern-math.otf]/OT:script=math;language=dflt;+ssty=0;"<-7.2>s*[1.037736795366909]"[latinmodern-math.otf]/OT:script=math;language=dflt;+ssty=1;"
(fontspec)             - 'bold' (b/n) with NFSS spec.:
(fontspec)             <->s*[1.037736795366909]"[latinmodern-math.otf]/OT:script=math;language=dflt;"

LaTeX Font Info:    Font shape `TU/latinmodern-math.otf(1)/m/n' will be
(Font)              scaled to size 12.45282pt on input line 113.
LaTeX Font Info:    Encoding `OT1' has changed to `TU' for symbol font
(Font)              `operators' in the math version `normal' on input line 113.
LaTeX Font Info:    Overwriting symbol font `operators' in version `normal'
(Font)                  OT1/lmr/m/n --> TU/latinmodern-math.otf(1)/m/n on input line 113.
LaTeX Font Info:    Encoding `OT1' has changed to `TU' for symbol font
(Font)              `operators' in the math version `bold' on input line 113.
LaTeX Font Info:    Overwriting symbol font `operators' in version `bold'
(Font)                  OT1/lmr/bx/n --> TU/latinmodern-math.otf(1)/b/n on input line 113.

Package fontspec Info: 
(fontspec)             latinmodern-math scale = 1.037736795366909.


Package fontspec Info: 
(fontspec)             latinmodern-math scale = 1.037840569046446.


Package fontspec Info: 
(fontspec)             latinmodern-math scale = 1.037736795366909.


Package fontspec Info: 
(fontspec)             latinmodern-math scale = 1.037840569046446.


Package fontspec Info: 
(fontspec)             latinmodern-math scale = 1.037736795366909.


Package fontspec Info: 
(fontspec)             latinmodern-math scale = 1.037840569046446.


Package fontspec Info: 
(fontspec)             latinmodern-math scale = 1.037736795366909.


Package fontspec Info: 
(fontspec)             latinmodern-math scale = 1.037840569046446.


Package fontspec Info: 
(fontspec)             latinmodern-math scale = 1.037736795366909.


Package fontspec Info: 
(fontspec)             latinmodern-math scale = 1.037840569046446.


Package fontspec Info: 
(fontspec)             Font family 'latinmodern-math.otf(2)' created for font
(fontspec)             'latinmodern-math.otf' with options
(fontspec)             [Scale=MatchLowercase,BoldItalicFont={},ItalicFont={},SmallCapsFont={},Script=Math,SizeFeatures={{Size=10.2-},{Size=7.2-10.2,Font=latinmodern-math.otf,Style=MathScript},{Size=-7.2,Font=latinmodern-math.otf,Style=MathScriptScript}},BoldFont={latinmodern-math.otf},ScaleAgain=1.0001,FontAdjustment={\fontdimen
(fontspec)             8\font =8.43056pt\relax \fontdimen 9\font
(fontspec)             =4.90642pt\relax \fontdimen 10\font =5.52905pt\relax
(fontspec)             \fontdimen 11\font =8.54263pt\relax \fontdimen 12\font
(fontspec)             =4.29622pt\relax \fontdimen 13\font =4.52037pt\relax
(fontspec)             \fontdimen 14\font =4.52037pt\relax \fontdimen 15\font
(fontspec)             =3.59886pt\relax \fontdimen 16\font =3.07585pt\relax
(fontspec)             \fontdimen 17\font =3.07585pt\relax \fontdimen 18\font
(fontspec)             =3.1132pt\relax \fontdimen 19\font =2.49057pt\relax
(fontspec)             \fontdimen 22\font =3.1132pt\relax \fontdimen 20\font
(fontspec)             =0pt\relax \fontdimen 21\font =0pt\relax }].
(fontspec)              
(fontspec)              This font family consists of the following NFSS
(fontspec)             series/shapes:
(fontspec)              
(fontspec)             - 'normal' (m/n) with NFSS spec.:
(fontspec)             <10.2->s*[1.037840569046446]"[latinmodern-math.otf]/OT:script=math;language=dflt;"<7.2-10.2>s*[1.037840569046446]"[latinmodern-math.otf]/OT:script=math;language=dflt;+ssty=0;"<-7.2>s*[1.037840569046446]"[latinmodern-math.otf]/OT:script=math;language=dflt;+ssty=1;"
(fontspec)             - 'bold' (b/n) with NFSS spec.:
(fontspec)             <->s*[1.037840569046446]"[latinmodern-math.otf]/OT:script=math;language=dflt;"

LaTeX Font Info:    Encoding `OMS' has changed to `TU' for symbol font
(Font)              `symbols' in the math version `normal' on input line 113.
LaTeX Font Info:    Overwriting symbol font `symbols' in version `normal'
(Font)                  OMS/lmsy/m/n --> TU/latinmodern-math.otf(2)/m/n on input line 113.
LaTeX Font Info:    Encoding `OMS' has changed to `TU' for symbol font
(Font)              `symbols' in the math version `bold' on input line 113.
LaTeX Font Info:    Overwriting symbol font `symbols' in version `bold'
(Font)                  OMS/lmsy/b/n --> TU/latinmodern-math.otf(2)/b/n on input line 113.

Package fontspec Info: 
(fontspec)             latinmodern-math scale = 1.037736795366909.


Package fontspec Info: 
(fontspec)             latinmodern-math scale = 1.037633021687372.


Package fontspec Info: 
(fontspec)             latinmodern-math scale = 1.037736795366909.


Package fontspec Info: 
(fontspec)             latinmodern-math scale = 1.037633021687372.


Package fontspec Info: 
(fontspec)             latinmodern-math scale = 1.037736795366909.


Package fontspec Info: 
(fontspec)             latinmodern-math scale = 1.037633021687372.


Package fontspec Info: 
(fontspec)             latinmodern-math scale = 1.037736795366909.


Package fontspec Info: 
(fontspec)             latinmodern-math scale = 1.037633021687372.


Package fontspec Info: 
(fontspec)             latinmodern-math scale = 1.037736795366909.


Package fontspec Info: 
(fontspec)             latinmodern-math scale = 1.037633021687372.


Package fontspec Info: 
(fontspec)             Font family 'latinmodern-math.otf(3)' created for font
(fontspec)             'latinmodern-math.otf' with options
(fontspec)             [Scale=MatchLowercase,BoldItalicFont={},ItalicFont={},SmallCapsFont={},Script=Math,SizeFeatures={{Size=10.2-},{Size=7.2-10.2,Font=latinmodern-math.otf,Style=MathScript},{Size=-7.2,Font=latinmodern-math.otf,Style=MathScriptScript}},BoldFont={latinmodern-math.otf},ScaleAgain=0.9999,FontAdjustment={\fontdimen
(fontspec)             8\font =0.49811pt\relax \fontdimen 9\font
(fontspec)             =2.49057pt\relax \fontdimen 10\font =2.07962pt\relax
(fontspec)             \fontdimen 11\font =1.38226pt\relax \fontdimen 12\font
(fontspec)             =7.4717pt\relax \fontdimen 13\font =0pt\relax }].
(fontspec)              
(fontspec)              This font family consists of the following NFSS
(fontspec)             series/shapes:
(fontspec)              
(fontspec)             - 'normal' (m/n) with NFSS spec.:
(fontspec)             <10.2->s*[1.037633021687372]"[latinmodern-math.otf]/OT:script=math;language=dflt;"<7.2-10.2>s*[1.037633021687372]"[latinmodern-math.otf]/OT:script=math;language=dflt;+ssty=0;"<-7.2>s*[1.037633021687372]"[latinmodern-math.otf]/OT:script=math;language=dflt;+ssty=1;"
(fontspec)             - 'bold' (b/n) with NFSS spec.:
(fontspec)             <->s*[1.037633021687372]"[latinmodern-math.otf]/OT:script=math;language=dflt;"

LaTeX Font Info:    Encoding `OMX' has changed to `TU' for symbol font
(Font)              `largesymbols' in the math version `normal' on input line 113.
LaTeX Font Info:    Overwriting symbol font `largesymbols' in version `normal'
(Font)                  OMX/lmex/m/n --> TU/latinmodern-math.otf(3)/m/n on input line 113.
LaTeX Font Info:    Encoding `OMX' has changed to `TU' for symbol font
(Font)              `largesymbols' in the math version `bold' on input line 113.
LaTeX Font Info:    Overwriting symbol font `largesymbols' in version `bold'
(Font)                  OMX/lmex/m/n --> TU/latinmodern-math.otf(3)/b/n on input line 113.
Package caption Info: Begin \AtBeginDocument code.
Package caption Info: float package is loaded.
Package caption Info: hyperref package is loaded.
Package caption Info: longtable package is loaded.
(/home/akalanka/.TinyTeX/texmf-dist/tex/latex/caption/ltcaption.sty
Package: ltcaption 2021/01/08 v1.4c longtable captions (AR)
)
Package caption Info: rotating package is loaded.
Package caption Info: threeparttable package is loaded.
Package caption Info: wrapfig package is loaded.
Package caption Info: End \AtBeginDocument code.
Package hyperref Info: Link coloring OFF on input line 113.
LaTeX Font Info:    Font shape `TU/TimesNewRoman(0)/m/n' will be
(Font)              scaled to size 20.74pt on input line 115.
LaTeX Font Info:    Font shape `TU/TimesNewRoman(0)/m/n' will be
(Font)              scaled to size 14.4pt on input line 115.
LaTeX Font Info:    Font shape `TU/TimesNewRoman(0)/m/n' will be
(Font)              scaled to size 17.28pt on input line 118.
LaTeX Font Info:    Font shape `TU/TimesNewRoman(0)/b/n' will be
(Font)              scaled to size 17.28pt on input line 118.
LaTeX Font Info:    Font shape `TU/TimesNewRoman(0)/b/n' will be
(Font)              scaled to size 14.0pt on input line 118.
(./Final_Report.toc
LaTeX Font Info:    Font shape `TU/TimesNewRoman(0)/b/n' will be
(Font)              scaled to size 12.0pt on input line 1.
LaTeX Font Info:    Font shape `TU/latinmodern-math.otf(1)/m/n' will be
(Font)              scaled to size 8.71696pt on input line 3.
LaTeX Font Info:    Font shape `TU/latinmodern-math.otf(1)/m/n' will be
(Font)              scaled to size 6.22641pt on input line 3.
LaTeX Font Info:    Trying to load font information for OML+lmm on input line 3.
(/home/akalanka/.TinyTeX/texmf-dist/tex/latex/lm/omllmm.fd
File: omllmm.fd 2015/05/01 v1.6.1 Font defs for Latin Modern
)
LaTeX Font Info:    Font shape `TU/latinmodern-math.otf(2)/m/n' will be
(Font)              scaled to size 12.4541pt on input line 3.
LaTeX Font Info:    Font shape `TU/latinmodern-math.otf(2)/m/n' will be
(Font)              scaled to size 8.71785pt on input line 3.
LaTeX Font Info:    Font shape `TU/latinmodern-math.otf(2)/m/n' will be
(Font)              scaled to size 6.22705pt on input line 3.
LaTeX Font Info:    Font shape `TU/latinmodern-math.otf(3)/m/n' will be
(Font)              scaled to size 12.45154pt on input line 3.
LaTeX Font Info:    Font shape `TU/latinmodern-math.otf(3)/m/n' will be
(Font)              scaled to size 8.71606pt on input line 3.
LaTeX Font Info:    Font shape `TU/latinmodern-math.otf(3)/m/n' will be
(Font)              scaled to size 6.22577pt on input line 3.
LaTeX Font Info:    Trying to load font information for U+msa on input line 3.
(/home/akalanka/.TinyTeX/texmf-dist/tex/latex/amsfonts/umsa.fd
File: umsa.fd 2013/01/14 v3.01 AMS symbols A
)
LaTeX Font Info:    Trying to load font information for U+msb on input line 3.
(/home/akalanka/.TinyTeX/texmf-dist/tex/latex/amsfonts/umsb.fd
File: umsb.fd 2013/01/14 v3.01 AMS symbols B
))
\tf@toc=\write4
\openout4 = `Final_Report.toc'.

[1

]
Overfull \hbox (15.76698pt too wide) in paragraph at lines 167--167
[]\TU/lmtt/m/n/12 ##  airport_traffic    avg_income       fuel_price     avg_ticket_fare[] 
 []


Overfull \hbox (3.35893pt too wide) in paragraph at lines 167--167
[]\TU/lmtt/m/n/12 ##  Min.   : 69013   Min.   : 26105   Min.   :0.5293   Min.   :142.1[] 
 []


Overfull \hbox (3.38301pt too wide) in paragraph at lines 167--167
[]\TU/lmtt/m/n/12 ##  1st Qu.:164744   1st Qu.: 57730   1st Qu.:0.7809   1st Qu.:221.7[] 
 []


Overfull \hbox (3.323pt too wide) in paragraph at lines 167--167
[]\TU/lmtt/m/n/12 ##  Median :199790   Median : 65946   Median :0.8884   Median :250.9[] 
 []


Overfull \hbox (3.34694pt too wide) in paragraph at lines 167--167
[]\TU/lmtt/m/n/12 ##  Mean   :197962   Mean   : 66030   Mean   :0.8872   Mean   :250.4[] 
 []


Overfull \hbox (3.39502pt too wide) in paragraph at lines 167--167
[]\TU/lmtt/m/n/12 ##  3rd Qu.:225043   3rd Qu.: 73247   3rd Qu.:0.9858   3rd Qu.:277.4[] 
 []


Overfull \hbox (3.38295pt too wide) in paragraph at lines 167--167
[]\TU/lmtt/m/n/12 ##  Max.   :336008   Max.   :111233   Max.   :1.3618   Max.   :355.3[] 
 []

[2]
Overfull \hbox (52.84706pt too wide) in paragraph at lines 223--223
[]\TU/lmtt/m/n/12 ##    airport_traffic avg_income fuel_price avg_ticket_fare flight_frequency[] 
 []


Overfull \hbox (52.7509pt too wide) in paragraph at lines 223--223
[]\TU/lmtt/m/n/12 ## 1         224835.7   69293.45  0.6608359        280.2795         138.7657[] 
 []


Overfull \hbox (52.7629pt too wide) in paragraph at lines 223--223
[]\TU/lmtt/m/n/12 ## 2         193086.8   71729.41  0.8100937        213.1134         109.6791[] 
 []


Overfull \hbox (52.75089pt too wide) in paragraph at lines 223--223
[]\TU/lmtt/m/n/12 ## 3         232384.4   77996.61  0.9007866        284.7842         121.9224[] 
 []


Overfull \hbox (52.79889pt too wide) in paragraph at lines 223--223
[]\TU/lmtt/m/n/12 ## 4         276151.5   77645.62  0.9070471        304.2255         110.7545[] 
 []


Overfull \hbox (52.77489pt too wide) in paragraph at lines 223--223
[]\TU/lmtt/m/n/12 ## 5         188292.3   48467.97  0.8324902        266.5374         111.3101[] 
 []


Overfull \hbox (52.76291pt too wide) in paragraph at lines 223--223
[]\TU/lmtt/m/n/12 ## 6         188293.2   53746.10  0.9934275        325.0718         113.8166[] 
 []


Overfull \hbox (52.7629pt too wide) in paragraph at lines 223--223
[]\TU/lmtt/m/n/12 ## 7         278960.6   71180.42  0.7398569        219.0484         124.4427[] 
 []


Overfull \hbox (52.82289pt too wide) in paragraph at lines 223--223
[]\TU/lmtt/m/n/12 ## 8         238371.7   71165.43  0.8786431        200.2138         110.4250[] 
 []


Overfull \hbox (52.79889pt too wide) in paragraph at lines 223--223
[]\TU/lmtt/m/n/12 ## 9         176526.3   71180.57  0.9180443        178.8512         145.1151[] 
 []


Overfull \hbox (52.79892pt too wide) in paragraph at lines 223--223
[]\TU/lmtt/m/n/12 ## 10        227128.0  111232.78  0.9771658        309.8418         102.1079[] 
 []

[3]
LaTeX Font Info:    Font shape `TU/TimesNewRoman(0)/b/n' will be
(Font)              scaled to size 14.4pt on input line 225.
File: Final_Report_files/figure-latex/unnamed-chunk-7-1.pdf Graphic file (type pdf)
<use Final_Report_files/figure-latex/unnamed-chunk-7-1.pdf>
[4] [5]
File: Final_Report_files/figure-latex/unnamed-chunk-10-1.pdf Graphic file (type pdf)
<use Final_Report_files/figure-latex/unnamed-chunk-10-1.pdf>
File: Final_Report_files/figure-latex/unnamed-chunk-11-1.pdf Graphic file (type pdf)
<use Final_Report_files/figure-latex/unnamed-chunk-11-1.pdf>
[6] [7]
File: Final_Report_files/figure-latex/unnamed-chunk-14-1.pdf Graphic file (type pdf)
<use Final_Report_files/figure-latex/unnamed-chunk-14-1.pdf>
File: Final_Report_files/figure-latex/unnamed-chunk-15-1.pdf Graphic file (type pdf)
<use Final_Report_files/figure-latex/unnamed-chunk-15-1.pdf>
[8] [9]
File: Final_Report_files/figure-latex/unnamed-chunk-18-1.pdf Graphic file (type pdf)
<use Final_Report_files/figure-latex/unnamed-chunk-18-1.pdf>
File: Final_Report_files/figure-latex/unnamed-chunk-19-1.pdf Graphic file (type pdf)
<use Final_Report_files/figure-latex/unnamed-chunk-19-1.pdf>
[10] [11]
File: Final_Report_files/figure-latex/unnamed-chunk-22-1.pdf Graphic file (type pdf)
<use Final_Report_files/figure-latex/unnamed-chunk-22-1.pdf>
File: Final_Report_files/figure-latex/unnamed-chunk-23-1.pdf Graphic file (type pdf)
<use Final_Report_files/figure-latex/unnamed-chunk-23-1.pdf>
[12] [13]
File: Final_Report_files/figure-latex/unnamed-chunk-26-1.pdf Graphic file (type pdf)
<use Final_Report_files/figure-latex/unnamed-chunk-26-1.pdf>
File: Final_Report_files/figure-latex/unnamed-chunk-27-1.pdf Graphic file (type pdf)
<use Final_Report_files/figure-latex/unnamed-chunk-27-1.pdf>
[14] [15]
File: Final_Report_files/figure-latex/unnamed-chunk-30-1.pdf Graphic file (type pdf)
<use Final_Report_files/figure-latex/unnamed-chunk-30-1.pdf>
File: Final_Report_files/figure-latex/unnamed-chunk-31-1.pdf Graphic file (type pdf)
<use Final_Report_files/figure-latex/unnamed-chunk-31-1.pdf>
[16] [17]
File: Final_Report_files/figure-latex/unnamed-chunk-34-1.pdf Graphic file (type pdf)
<use Final_Report_files/figure-latex/unnamed-chunk-34-1.pdf>
[18]
Overfull \hbox (15.76698pt too wide) in paragraph at lines 682--682
[]\TU/lmtt/m/n/12 ##  airport_traffic    avg_income       fuel_price     avg_ticket_fare[] 
 []


Overfull \hbox (3.35893pt too wide) in paragraph at lines 682--682
[]\TU/lmtt/m/n/12 ##  Min.   : 69013   Min.   : 26105   Min.   :0.5293   Min.   :142.1[] 
 []


Overfull \hbox (3.38301pt too wide) in paragraph at lines 682--682
[]\TU/lmtt/m/n/12 ##  1st Qu.:164744   1st Qu.: 57730   1st Qu.:0.7809   1st Qu.:221.7[] 
 []


Overfull \hbox (3.323pt too wide) in paragraph at lines 682--682
[]\TU/lmtt/m/n/12 ##  Median :199790   Median : 65946   Median :0.8884   Median :250.9[] 
 []


Overfull \hbox (3.34694pt too wide) in paragraph at lines 682--682
[]\TU/lmtt/m/n/12 ##  Mean   :197962   Mean   : 66030   Mean   :0.8872   Mean   :250.4[] 
 []


Overfull \hbox (3.39502pt too wide) in paragraph at lines 682--682
[]\TU/lmtt/m/n/12 ##  3rd Qu.:225043   3rd Qu.: 73247   3rd Qu.:0.9858   3rd Qu.:277.4[] 
 []


Overfull \hbox (3.38295pt too wide) in paragraph at lines 682--682
[]\TU/lmtt/m/n/12 ##  Max.   :336008   Max.   :111233   Max.   :1.3618   Max.   :355.3[] 
 []

File: Final_Report_files/figure-latex/unnamed-chunk-36-1.pdf Graphic file (type pdf)
<use Final_Report_files/figure-latex/unnamed-chunk-36-1.pdf>
[19] [20]
File: Final_Report_files/figure-latex/unnamed-chunk-40-1.pdf Graphic file (type pdf)
<use Final_Report_files/figure-latex/unnamed-chunk-40-1.pdf>
[21]
File: Final_Report_files/figure-latex/unnamed-chunk-44-1.pdf Graphic file (type pdf)
<use Final_Report_files/figure-latex/unnamed-chunk-44-1.pdf>
[22] [23]
File: Final_Report_files/figure-latex/unnamed-chunk-48-1.pdf Graphic file (type pdf)
<use Final_Report_files/figure-latex/unnamed-chunk-48-1.pdf>
[24] [25]
File: Final_Report_files/figure-latex/unnamed-chunk-52-1.pdf Graphic file (type pdf)
<use Final_Report_files/figure-latex/unnamed-chunk-52-1.pdf>
[26] [27]
File: Final_Report_files/figure-latex/unnamed-chunk-56-1.pdf Graphic file (type pdf)
<use Final_Report_files/figure-latex/unnamed-chunk-56-1.pdf>
[28] [29]
File: Final_Report_files/figure-latex/unnamed-chunk-60-1.pdf Graphic file (type pdf)
<use Final_Report_files/figure-latex/unnamed-chunk-60-1.pdf>
[30]
Overfull \hbox (65.20692pt too wide) in paragraph at lines 1173--1173
[]\TU/lmtt/m/n/12 ##  airport_traffic      avg_income          fuel_price        avg_ticket_fare[] 
 []


Overfull \hbox (71.33893pt too wide) in paragraph at lines 1173--1173
[]\TU/lmtt/m/n/12 ##  Min.   :-2.77010   Min.   :-3.370945   Min.   :-2.400290   Min.   :-2.65390[] 
 []


Overfull \hbox (71.36305pt too wide) in paragraph at lines 1173--1173
[]\TU/lmtt/m/n/12 ##  1st Qu.:-0.71359   1st Qu.:-0.700814   1st Qu.:-0.712468   1st Qu.:-0.70170[] 
 []


Overfull \hbox (71.36296pt too wide) in paragraph at lines 1173--1173
[]\TU/lmtt/m/n/12 ##  Median : 0.03929   Median :-0.007121   Median : 0.008103   Median : 0.01304[] 
 []


Overfull \hbox (71.38689pt too wide) in paragraph at lines 1173--1173
[]\TU/lmtt/m/n/12 ##  Mean   : 0.00000   Mean   : 0.000000   Mean   : 0.000000   Mean   : 0.00000[] 
 []


Overfull \hbox (71.27902pt too wide) in paragraph at lines 1173--1173
[]\TU/lmtt/m/n/12 ##  3rd Qu.: 0.58176   3rd Qu.: 0.609281   3rd Qu.: 0.661686   3rd Qu.: 0.66323[] 
 []


Overfull \hbox (71.3389pt too wide) in paragraph at lines 1173--1173
[]\TU/lmtt/m/n/12 ##  Max.   : 2.96555   Max.   : 3.816463   Max.   : 3.183503   Max.   : 2.57305[] 
 []

[31]
Overfull \hbox (21.94704pt too wide) in paragraph at lines 1205--1205
[]\TU/lmtt/m/n/12 ## lm(formula = passenger_demand ~ airport_traffic, data = df_standard)[] 
 []


Overfull \hbox (40.48674pt too wide) in paragraph at lines 1205--1205
[]\TU/lmtt/m/n/12 ##                                Estimate              Std. Error t value[] 
 []


Overfull \hbox (40.39104pt too wide) in paragraph at lines 1205--1205
[]\TU/lmtt/m/n/12 ## (Intercept)     -0.00000000000000009993  0.06541278312926997185   0.000[] 
 []


Overfull \hbox (40.36705pt too wide) in paragraph at lines 1205--1205
[]\TU/lmtt/m/n/12 ## airport_traffic  0.38540095293429915690  0.06557693089835127387   5.877[] 
 []


Overfull \hbox (28.12675pt too wide) in paragraph at lines 1248--1248
[]\TU/lmtt/m/n/12 ##                               Estimate             Std. Error t value[] 
 []


Overfull \hbox (28.10304pt too wide) in paragraph at lines 1248--1248
[]\TU/lmtt/m/n/12 ## (Intercept)     -0.0000000000000001018  0.0655721484113572922   0.000[] 
 []


Overfull \hbox (27.97104pt too wide) in paragraph at lines 1248--1248
[]\TU/lmtt/m/n/12 ## airport_traffic  0.3841642958168862698  0.0660362853069394601   5.817[] 
 []

[32]
Overfull \hbox (28.00702pt too wide) in paragraph at lines 1248--1248
[]\TU/lmtt/m/n/12 ## avg_income       0.0129973754520843632  0.0660362853069395017   0.197[] 
 []


Overfull \hbox (28.12675pt too wide) in paragraph at lines 1282--1282
[]\TU/lmtt/m/n/12 ##                               Estimate             Std. Error t value[] 
 []


Overfull \hbox (28.10304pt too wide) in paragraph at lines 1282--1282
[]\TU/lmtt/m/n/12 ## (Intercept)     -0.0000000000000001348  0.0648340823788336740   0.000[] 
 []


Overfull \hbox (28.03107pt too wide) in paragraph at lines 1282--1282
[]\TU/lmtt/m/n/12 ## airport_traffic  0.4041770975115771547  0.0655900609577786120   6.162[] 
 []


Overfull \hbox (27.99501pt too wide) in paragraph at lines 1282--1282
[]\TU/lmtt/m/n/12 ## fuel_price       0.1399148447759916980  0.0655900609577786120   2.133[] 
 []

[33]
Overfull \hbox (28.12675pt too wide) in paragraph at lines 1318--1318
[]\TU/lmtt/m/n/12 ##                               Estimate             Std. Error t value[] 
 []


Overfull \hbox (28.05504pt too wide) in paragraph at lines 1318--1318
[]\TU/lmtt/m/n/12 ## (Intercept)     -0.0000000000000001139  0.0647948416693481383   0.000[] 
 []


Overfull \hbox (27.97105pt too wide) in paragraph at lines 1318--1318
[]\TU/lmtt/m/n/12 ## airport_traffic  0.4100910999844386007  0.0657653859841450666   6.236[] 
 []


Overfull \hbox (28.04303pt too wide) in paragraph at lines 1318--1318
[]\TU/lmtt/m/n/12 ## fuel_price       0.1484374523833845716  0.0659961267412847025   2.249[] 
 []


Overfull \hbox (28.00706pt too wide) in paragraph at lines 1318--1318
[]\TU/lmtt/m/n/12 ## avg_ticket_fare -0.0729429430399352458  0.0655394720955686932  -1.113[] 
 []


Overfull \hbox (46.66673pt too wide) in paragraph at lines 1356--1356
[]\TU/lmtt/m/n/12 ##                                 Estimate              Std. Error t value[] 
 []


Overfull \hbox (46.64304pt too wide) in paragraph at lines 1356--1356
[]\TU/lmtt/m/n/12 ## (Intercept)      -0.00000000000000008702  0.06474051852670700824   0.000[] 
 []


Overfull \hbox (46.54704pt too wide) in paragraph at lines 1356--1356
[]\TU/lmtt/m/n/12 ## airport_traffic   0.41330892978853595032  0.06576950376944873389   6.284[] 
 []


Overfull \hbox (46.57101pt too wide) in paragraph at lines 1356--1356
[]\TU/lmtt/m/n/12 ## fuel_price        0.14830344275455645264  0.06594089891423654537   2.249[] 
 []


Overfull \hbox (46.53505pt too wide) in paragraph at lines 1356--1356
[]\TU/lmtt/m/n/12 ## avg_ticket_fare  -0.08615007202602102676  0.06647905424927703921  -1.296[] 
 []

[34]
Overfull \hbox (46.57104pt too wide) in paragraph at lines 1356--1356
[]\TU/lmtt/m/n/12 ## flight_frequency  0.07601491158494300127  0.06593655783354848698   1.153[] 
 []


Overfull \hbox (71.38701pt too wide) in paragraph at lines 1396--1396
[]\TU/lmtt/m/n/12 ##     avg_ticket_fare + flight_frequency + route_distance, data = df_standard)[] 
 []


Overfull \hbox (46.66673pt too wide) in paragraph at lines 1396--1396
[]\TU/lmtt/m/n/12 ##                                 Estimate              Std. Error t value[] 
 []


Overfull \hbox (46.58302pt too wide) in paragraph at lines 1396--1396
[]\TU/lmtt/m/n/12 ## (Intercept)      -0.00000000000000008691  0.06490675814594784598   0.000[] 
 []


Overfull \hbox (46.49905pt too wide) in paragraph at lines 1396--1396
[]\TU/lmtt/m/n/12 ## airport_traffic   0.41299445112710969630  0.06624900799352595460   6.234[] 
 []


Overfull \hbox (46.559pt too wide) in paragraph at lines 1396--1396
[]\TU/lmtt/m/n/12 ## fuel_price        0.14806984571359491087  0.06628134637302562915   2.234[] 
 []


Overfull \hbox (46.51108pt too wide) in paragraph at lines 1396--1396
[]\TU/lmtt/m/n/12 ## avg_ticket_fare  -0.08615326124856866052  0.06664978973115615046  -1.293[] 
 []


Overfull \hbox (46.51106pt too wide) in paragraph at lines 1396--1396
[]\TU/lmtt/m/n/12 ## flight_frequency  0.07636376262870858689  0.06648693491724881610   1.149[] 
 []


Overfull \hbox (46.59506pt too wide) in paragraph at lines 1396--1396
[]\TU/lmtt/m/n/12 ## route_distance   -0.00323357810261597732  0.06588758261519807313  -0.049[] 
 []

[35]
Overfull \hbox (44.85657pt too wide) in paragraph at lines 1412--1412
[][]\TU/TimesNewRoman(0)/b/n/12 passenger_demand = 0.4133(airport_traffic) + 0.1483(fuel_price) - 0.08615(avg_ticket_fare)
 []


Overfull \hbox (96.10675pt too wide) in paragraph at lines 1446--1446
[]\TU/lmtt/m/n/12 ##   Source                                         Target      Relationship Weight[] 
 []


Overfull \hbox (96.10664pt too wide) in paragraph at lines 1446--1446
[]\TU/lmtt/m/n/12 ##   <chr>                                          <chr>       <chr>         <dbl>[] 
 []


Overfull \hbox (96.10689pt too wide) in paragraph at lines 1446--1446
[]\TU/lmtt/m/n/12 ## 1 Bandaranaike International Airport (CMB)       Mihin Lanka Support           7[] 
 []


Overfull \hbox (96.10692pt too wide) in paragraph at lines 1446--1446
[]\TU/lmtt/m/n/12 ## 2 Bandaranaike International Airport (CMB)       Sri Lanka ~ Commercial        5[] 
 []


Overfull \hbox (96.10693pt too wide) in paragraph at lines 1446--1446
[]\TU/lmtt/m/n/12 ## 3 Bandaranaike International Airport (CMB)       Fuel Suppl~ Regulatory        8[] 
 []


Overfull \hbox (96.1069pt too wide) in paragraph at lines 1446--1446
[]\TU/lmtt/m/n/12 ## 4 Bandaranaike International Airport (CMB)       Customs & ~ Commercial        5[] 
 []


Overfull \hbox (96.10693pt too wide) in paragraph at lines 1446--1446
[]\TU/lmtt/m/n/12 ## 5 Bandaranaike International Airport (CMB)       Cargo Oper~ Operational       1[] 
 []

[36]
Overfull \hbox (96.09496pt too wide) in paragraph at lines 1446--1446
[]\TU/lmtt/m/n/12 ## 6 Mattala Rajapaksa International Airport (MRIA) SriLankan ~ Commercial        3[] 
 []


Overfull \hbox (856.24687pt too wide) in paragraph at lines 1462--1462
[]\TU/lmtt/m/n/12 ##  $ Source      : chr [1:28] "Bandaranaike International Airport (CMB)" "Bandaranaike International Airport (CMB)" "Bandaranaike International Airport (CMB)" "Bandaranaike International Airport (CMB)" ...[] 
 []


Overfull \hbox (312.40695pt too wide) in paragraph at lines 1462--1462
[]\TU/lmtt/m/n/12 ##  $ Target      : chr [1:28] "Mihin Lanka" "Sri Lanka Air Force" "Fuel Supply Companies" "Customs & Immigration" ...[] 
 []


Overfull \hbox (96.10706pt too wide) in paragraph at lines 1462--1462
[]\TU/lmtt/m/n/12 ##  $ Relationship: chr [1:28] "Support" "Commercial" "Regulatory" "Commercial" ...[] 
 []

[37]
Overfull \hbox (176.44646pt too wide) in paragraph at lines 1578--1578
[]\TU/lmtt/m/n/12 ##                                                                                          Node[] 
 []


Overfull \hbox (176.44661pt too wide) in paragraph at lines 1578--1578
[]\TU/lmtt/m/n/12 ## Cargo Operators                                                               Cargo Operators[] 
 []


Overfull \hbox (176.4467pt too wide) in paragraph at lines 1578--1578
[]\TU/lmtt/m/n/12 ## Customs & Immigration                                                   Customs & Immigration[] 
 []


Overfull \hbox (176.4467pt too wide) in paragraph at lines 1578--1578
[]\TU/lmtt/m/n/12 ## Fuel Supply Companies                                                   Fuel Supply Companies[] 
 []


Overfull \hbox (176.44695pt too wide) in paragraph at lines 1578--1578
[]\TU/lmtt/m/n/12 ## Bandaranaike International Airport (CMB)             Bandaranaike International Airport (CMB)[] 
 []


Overfull \hbox (176.44667pt too wide) in paragraph at lines 1578--1578
[]\TU/lmtt/m/n/12 ## Sri Lanka Air Force                                                       Sri Lanka Air Force[] 
 []


Overfull \hbox (176.447pt too wide) in paragraph at lines 1578--1578
[]\TU/lmtt/m/n/12 ## Mattala Rajapaksa International Airport (MRIA) Mattala Rajapaksa International Airport (MRIA)[] 
 []


Overfull \hbox (176.44698pt too wide) in paragraph at lines 1578--1578
[]\TU/lmtt/m/n/12 ## Civil Aviation Authority of Sri Lanka (CAASL)   Civil Aviation Authority of Sri Lanka (CAASL)[] 
 []


Overfull \hbox (176.44673pt too wide) in paragraph at lines 1578--1578
[]\TU/lmtt/m/n/12 ## Air Traffic Control (ATC)                                           Air Traffic Control (ATC)[] 
 []


Overfull \hbox (176.4468pt too wide) in paragraph at lines 1578--1578
[]\TU/lmtt/m/n/12 ## Maintenance & Engineering                                           Maintenance & Engineering[] 
 []


Overfull \hbox (176.44664pt too wide) in paragraph at lines 1578--1578
[]\TU/lmtt/m/n/12 ## Tourism Authority                                                           Tourism Authority[] 
 []


Overfull \hbox (176.44655pt too wide) in paragraph at lines 1578--1578
[]\TU/lmtt/m/n/12 ## Mihin Lanka                                                                       Mihin Lanka[] 
 []


Overfull \hbox (176.44673pt too wide) in paragraph at lines 1578--1578
[]\TU/lmtt/m/n/12 ## International Airlines                                                 International Airlines[] 
 []


Overfull \hbox (176.44667pt too wide) in paragraph at lines 1578--1578
[]\TU/lmtt/m/n/12 ## SriLankan Airlines                                                         SriLankan Airlines[] 
 []


Overfull \hbox (176.44688pt too wide) in paragraph at lines 1578--1578
[]\TU/lmtt/m/n/12 ## Airport & Aviation Services SL (AASL)                   Airport & Aviation Services SL (AASL)[] 
 []


Overfull \hbox (176.4467pt too wide) in paragraph at lines 1578--1578
[]\TU/lmtt/m/n/12 ## Ground Handling Unit                                                     Ground Handling Unit[] 
 []


Overfull \hbox (65.20676pt too wide) in paragraph at lines 1578--1578
[]\TU/lmtt/m/n/12 ##                                                Degree Betweenness Closeness[] 
 []


Overfull \hbox (65.15875pt too wide) in paragraph at lines 1578--1578
[]\TU/lmtt/m/n/12 ## Cargo Operators                                     7      0.2921    0.6667[] 
 []


Overfull \hbox (65.1708pt too wide) in paragraph at lines 1578--1578
[]\TU/lmtt/m/n/12 ## Customs & Immigration                               6      0.1190    0.6087[] 
 []


Overfull \hbox (65.1948pt too wide) in paragraph at lines 1578--1578
[]\TU/lmtt/m/n/12 ## Fuel Supply Companies                               5      0.1868    0.5833[] 
 []


Overfull \hbox (65.1829pt too wide) in paragraph at lines 1578--1578
[]\TU/lmtt/m/n/12 ## Bandaranaike International Airport (CMB)            5      0.0916    0.5833[] 
 []


Overfull \hbox (65.20677pt too wide) in paragraph at lines 1578--1578
[]\TU/lmtt/m/n/12 ## Sri Lanka Air Force                                 5      0.0833    0.5385[] 
 []


Overfull \hbox (65.18294pt too wide) in paragraph at lines 1578--1578
[]\TU/lmtt/m/n/12 ## Mattala Rajapaksa International Airport (MRIA)      4      0.0916    0.5185[] 
 []


Overfull \hbox (65.20692pt too wide) in paragraph at lines 1578--1578
[]\TU/lmtt/m/n/12 ## Civil Aviation Authority of Sri Lanka (CAASL)       4      0.0751    0.5185[] 
 []


Overfull \hbox (65.2068pt too wide) in paragraph at lines 1578--1578
[]\TU/lmtt/m/n/12 ## Air Traffic Control (ATC)                           4      0.0742    0.4828[] 
 []


Overfull \hbox (65.20683pt too wide) in paragraph at lines 1578--1578
[]\TU/lmtt/m/n/12 ## Maintenance & Engineering                           3      0.0531    0.5385[] 
 []


Overfull \hbox (65.20676pt too wide) in paragraph at lines 1578--1578
[]\TU/lmtt/m/n/12 ## Tourism Authority                                   3      0.0220    0.4828[] 
 []


Overfull \hbox (65.18271pt too wide) in paragraph at lines 1578--1578
[]\TU/lmtt/m/n/12 ## Mihin Lanka                                         3      0.0201    0.4667[] 
 []


Overfull \hbox (65.1828pt too wide) in paragraph at lines 1578--1578
[]\TU/lmtt/m/n/12 ## International Airlines                              3      0.0201    0.4667[] 
 []

[38]
Overfull \hbox (65.20677pt too wide) in paragraph at lines 1578--1578
[]\TU/lmtt/m/n/12 ## SriLankan Airlines                                  2      0.0247    0.4242[] 
 []


Overfull \hbox (65.20688pt too wide) in paragraph at lines 1578--1578
[]\TU/lmtt/m/n/12 ## Airport & Aviation Services SL (AASL)               1      0.0000    0.4118[] 
 []


Overfull \hbox (65.20679pt too wide) in paragraph at lines 1578--1578
[]\TU/lmtt/m/n/12 ## Ground Handling Unit                                1      0.0000    0.3784[] 
 []

[39]
Overfull \hbox (65.20702pt too wide) in paragraph at lines 1619--1619
[]\TU/lmtt/m/n/12 ## [1] "Cargo Operators"       "Customs & Immigration" "Fuel Supply Companies"[] 
 []


Overfull \hbox (65.20702pt too wide) in paragraph at lines 1628--1628
[]\TU/lmtt/m/n/12 ## [1] "Cargo Operators"       "Fuel Supply Companies" "Customs & Immigration"[] 
 []

[40]
Underfull \hbox (badness 4569) in paragraph at lines 1704--1713
\TU/TimesNewRoman(0)/m/n/12 Airport (CMB),International Airlines,Fuel Supply Companies Ground Handling
 []

[41]
File: Final_Report_files/figure-latex/unnamed-chunk-75-1.pdf Graphic file (type pdf)
<use Final_Report_files/figure-latex/unnamed-chunk-75-1.pdf>

Underfull \hbox (badness 10000) in paragraph at lines 1743--1748
[]\TU/TimesNewRoman(0)/m/n/12 Created a spatial database named \TU/lmtt/m/n/12 SL_BIA_Aerial_Info \TU/TimesNewRoman(0)/m/n/12 using Post-
 []


Underfull \hbox (badness 2600) in paragraph at lines 1743--1748
\TU/TimesNewRoman(0)/m/n/12 greSQL/PostGIS and added vector attribute tables with required columns
 []

[42] [43]
File: ../QGIS Projects/CMB_Radar_Suitability_Map.pdf Graphic file (type pdf)
<use ../QGIS Projects/CMB_Radar_Suitability_Map.pdf>
[44]
Underfull \hbox (badness 1210) in paragraph at lines 1826--1833
\TU/TimesNewRoman(0)/m/n/12 at Bandaranaike International Airport Task D focuses on building an interactive
 []

File: ../Data/Screenshots/Task D/7.final dashboard.png Graphic file (type bmp)
<../Data/Screenshots/Task D/7.final dashboard.png>
[45] [46] (./Final_Report.aux)
 ***********
LaTeX2e <2026-06-01>
L3 programming layer <2026-07-20>
 ***********
 ) 
Here is how much of TeX's memory you used:
 21744 strings out of 469828
 412748 string characters out of 5468905
 978425 words of memory out of 5000000
 50364 multiletter control sequences out of 15000+600000
 631440 words of font info for 84 fonts, out of 8000000 for 9000
 14 hyphenation exceptions out of 8191
 90i,12n,116p,1485b,596s stack positions out of 10000i,1000n,20000p,200000b,200000s

Output written on Final_Report.pdf (46 pages).
